1749963068.997986
Unknown error occurred while attempting to access the target data file. 
1749963087.246655
